electron/services/proxy-cursor/config-api.ts(2,64): error TS2307: Cannot find module 'yaml' or its corresponding type declarations.
electron/services/proxy-cursor/config.ts(2,36): error TS2307: Cannot find module 'yaml' or its corresponding type declarations.
electron/services/proxy-cursor/proxy-agent.ts(12,28): error TS2307: Cannot find module 'undici' or its corresponding type declarations.
electron/services/proxy-cursor/vision.ts(4,30): error TS2307: Cannot find module 'tesseract.js' or its corresponding type declarations.
